[codeconvert.org/index.html]
[backblue.gif]
[fade.gif]
[index.html]
[codeconvert.org/img/icon.png]
[codeconvert.org/index-2.html]
[codeconvert.org/img/logo.png]
[ajax.googleapis.com/ajax/libs/jquery/3.4.1/jquery.min.js]
[pagead2.googlesyndication.com/pagead/js/f.txt]
[codeconvert.org/dist/1.4/css/formatter-min.css]
[codeconvert.org/binary-to-text-converter-online.html]
[codeconvert.org/json-viewer-beautify-online.html]
[codeconvert.org/json-validator.html]
[codeconvert.org/base64-decode-online-file.html]
[codeconvert.org/hex-to-decimal-converter-calculator-free.html]
[codeconvert.org/xml-viewer.html]
[codeconvert.org/xml-to-json.html]
[codeconvert.org/html-viewer-css.html]
[codeconvert.org/encrypt-decrypt-online.html]
[codeconvert.org/excel-to-html-table.html]
[codeconvert.org/css-validate.html]
[codeconvert.org/xml-validator.html]
[codeconvert.org/js-validate-online.html]
[codeconvert.org/css-beautify-minify-css-online.html]
[codeconvert.org/online-json-editor-formatter-online.html]
[codeconvert.org/decimal-to-hex-converter-online.html]
[codeconvert.org/binary-decimal-converter-online-file.html]
[codeconvert.org/paraphrasing-tool-online.html]
[codeconvert.org/base64-to-xml-online-converter.html]
[codeconvert.org/xml-to-base64-converter-online-search.html]
[codeconvert.org/base64-to-json-online-converter.html]
[codeconvert.org/json-to-base64-converter-online.html]
[codeconvert.org/excel-to-json-online-converter.html]
[codeconvert.org/excel-to-xml-converter-online.html]
[codeconvert.org/hostname-to-ip-address.html]
[codeconvert.org/ip-to-hostname-online.html]
[codeconvert.org/dns-lookup-command-online.html]
[codeconvert.org/mx-lookup-tool-online.html]
[codeconvert.org/name-server-lookup-online.html]
[codeconvert.org/website-to-ip-address-online-search.html]
[codeconvert.org/open-port-checker-tool-and-online.html]
[codeconvert.org/ntlm-hash-generator-online.html]
[codeconvert.org/word-to-html-converter-calculator-online.html]
[codeconvert.org/json-diff-online.html]
[codeconvert.org/xml-diff-tool-online.html]
[codeconvert.org/json-to-java-converter-online.html]
[codeconvert.org/xml-to-java-converter-online-free.html]
[codeconvert.org/text-reverser-tool-online.html]
[codeconvert.org/text-to-binary-online.html]
[codeconvert.org/minify-css-online.html]
[codeconvert.org/json-minifier-online-tool.html]
[codeconvert.org/jsonpath-tester-online.html]
[codeconvert.org/json-to-excel-converter-online-free.html]
[codeconvert.org/xml-to-excel-converter-online.html]
[codeconvert.org/csv-to-excel-converter-online.html]
[codeconvert.org/yaml-to-excel-converter-online.html]
[codeconvert.org/text-to-html-converter-free-online.html]
[codeconvert.org/html-formatter-beautifier-and-converter-online.html]
[codeconvert.org/random-word-generator-online.html]
[codeconvert.org/password-generator-tool-online.html]
[codeconvert.org/html-to-php-converter-free-online.html]
[codeconvert.org/xml-to-xsl-transformation.html]
[codeconvert.org/text-minifier-online-free-search.html]
[codeconvert.org/hmac-generator-online-tool.html]
[codeconvert.org/python-formatter-beautifier-online-free.html]
[codeconvert.org/ruby-formatter-beautifier-online.html]
[codeconvert.org/perl-formatter-beautifier-online.html]
[codeconvert.org/c-formatter-beautifier-format-online.html]
[codeconvert.org/cpp-formatter-beautifier-online.html]
[codeconvert.org/base64-encode-online-file.html]
[codeconvert.org/share-link-generator-online-free.html]
[codeconvert.org/html-escape-unescape-online.html]
[codeconvert.org/xml-escape-unescape-online.html]
[codeconvert.org/java-escape-unescape-string.html]
[codeconvert.org/csharp-escape-unescape-html-string.html]
[codeconvert.org/javascript-escape-unescape-converter.html]
[codeconvert.org/csv-escape-unescape-online-tool.html]
[codeconvert.org/sql-escape-unescape-online.html]
[codeconvert.org/un-google-link-online.html]
[codeconvert.org/guid-generator-online.html]
[codeconvert.org/shuffle-letters-to-word-online.html]
[codeconvert.org/random-letter-generator-online-free.html]
[codeconvert.org/flip-a-coin-online-converter.html]
[codeconvert.org/roll-a-dice-online.html]
[codeconvert.org/json-generator-api.html]
[codeconvert.org/generate-random-ip-address-online.html]
[codeconvert.org/generate-random-xml-online.html]
[codeconvert.org/generate-random-data-from-regexp-online.html]
[codeconvert.org/generate-random-csv-file-online.html]
[codeconvert.org/generate-random-numbers-online.html]
[codeconvert.org/generate-random-integers-online.html]
[codeconvert.org/generate-random-large-primes-online.html]
[codeconvert.org/generate-random-date-online.html]
[codeconvert.org/generate-random-time-online-stamp.html]
[codeconvert.org/generate-random-bitmap-online.html]
[codeconvert.org/random-name-picker-online.html]
[codeconvert.org/shuffle-lines-file-online.html]
[codeconvert.org/generate-random-mac-address-terminal.html]
[codeconvert.org/generate-random-hexadecimal-numbers-online.html]
[codeconvert.org/generate-random-tsv-online-data.html]
[codeconvert.org/generate-random-uuid-online.html]
[codeconvert.org/generate-random-string-online-bash.html]
[codeconvert.org/generate-random-fractions-online.html]
[codeconvert.org/generate-random-integer-range-online.html]
[codeconvert.org/generate-random-binary-numbers-online-found.html]
[codeconvert.org/generate-random-bytes-online.html]
[codeconvert.org/generate-random-decimal-numbers-online.html]
[codeconvert.org/ip-tools.html]
[codeconvert.org/image-converter-tools-online.html]
[codeconvert.org/financial-tools-online-example.html]
[codeconvert.org/tsv-tools-search-online.html]
[codeconvert.org/json-tools-online.html]
[codeconvert.org/xml-tools-online.html]
[codeconvert.org/html-tools-list-online.html]
[codeconvert.org/javascript-css-tools.html]
[codeconvert.org/csv-tools-online-open-source.html]
[codeconvert.org/sql-tools-online-free.html]
[codeconvert.org/color-tools-online.html]
[codeconvert.org/unit-tools.html]
[codeconvert.org/number-tools-online.html]
[codeconvert.org/string-functions-free-online.html]
[codeconvert.org/base64-tools-online.html]
[codeconvert.org/random-tools-generator-online.html]
[codeconvert.org/mxml-viewer.html]
[codeconvert.org/js-viewer.html]
[codeconvert.org/rss-viewer-online.html]
[codeconvert.org/java-viewer-applet.html]
[codeconvert.org/csharp-viewer.html]
[codeconvert.org/actionscriptonlinetutorial.html]
[codeconvert.org/sql-for-matter-free.html]
[codeconvert.org/full-online-editor.html]
[codeconvert.org/source-code-viewer-online.html]
[codeconvert.org/send-snap-message-online.html]
[codeconvert.org/cmyk-to-hex-online-converter.html]
[codeconvert.org/cmyk-to-rgb-converter-tool-online.html]
[codeconvert.org/cmyk-to-hsv-online-converter.html]
[codeconvert.org/hsv-to-hex-converter-search-online.html]
[codeconvert.org/hex-to-hsv-converter-online.html]
[codeconvert.org/hsv-to-rgb-converter-online.html]
[codeconvert.org/hsv-to-cmyk-converter-online.html]
[codeconvert.org/rgb-to-hex-converter-online-tool.html]
[codeconvert.org/rgb-to-hsv-converter-online-tool.html]
[codeconvert.org/rgb-to-cmyk-converter-online-tool.html]
[codeconvert.org/hex-to-rgb-converter-online.html]
[codeconvert.org/online-xml-editor-online.html]
[codeconvert.org/broken-link-checker-extension.html]
[codeconvert.org/yaml-validator-online.html]
[codeconvert.org/opml-viewer-online.html]
[codeconvert.org/opml-to-json-converter-online.html]
[codeconvert.org/responsive-website-tester-google-extension-free.html]
[codeconvert.org/sql-to-csv-converter-online.html]
[codeconvert.org/sql-to-json-converter-free.html]
[codeconvert.org/sql-to-xml-converter-online-free.html]
[codeconvert.org/sql-to-yaml-converter-online.html]
[codeconvert.org/sql-to-html-converter-online-free.html]
[codeconvert.org/dist/1.4/js/homepages.js]
[codeconvert.org/index.html]
[codeconvert.org/index-2.html]
[ajax.cloudflare.com/cdn-cgi/scripts/7089c43e/cloudflare-static/rocket-loader.min.js]
[codeconvert.org/img/Copy1.png]
[codeconvert.org/img/103.html]
[codeconvert.org/img/Logo-2.png]
[codeconvert.org/dist/1.4/img/refresh.html]
[codeconvert.org/dist/1.4/img/messagetingbody.html]
[codeconvert.org/dist/1.4/img/notebookHead.html]
[codeconvert.org/dist/1.4/img/messagetinghead.html]
[codeconvert.org/dist/1.4/img/messagetingfooter.html]
[codeconvert.org/dist/1.4/css/fonts/icomoonf75af75a.eot]
[codeconvert.org/dist/1.4/css/fonts/icomoonf75af75a.ttf]
[codeconvert.org/dist/1.4/css/fonts/icomoonf75af75a.woff]
[codeconvert.org/dist/1.4/css/formatter-min.css]
[codeconvert.org/img/cb/binary-to-text.png]
[codeconvert.org/upside-down-text-online-search.html]
[codeconvert.org/allnumberHEXABINARYetcconverter.html]
[codeconvert.org/decimal-to-binary-converter-online.html]
[codeconvert.org/decimal-to-octal-converter-online.html]
[codeconvert.org/binary-hex-converter-online-file.html]
[codeconvert.org/binary-octal-converter-online-file.html]
[codeconvert.org/hex-to-binary-converter-free-online.html]
[codeconvert.org/hex-to-octal-converter-online-free.html]
[codeconvert.org/octal-to-decimal-converter-online.html]
[codeconvert.org/octal-to-binary-converter-online.html]
[codeconvert.org/octal-to-hex-converter-online.html]
[codeconvert.org/number-to-word-converter-online.html]
[codeconvert.org/string-builder-free-online.html]
[codeconvert.org/reverse-string-online.html]
[codeconvert.org/html-encode-string-online.html]
[codeconvert.org/html-decode-string-online.html]
[codeconvert.org/url-encode-string-online.html]
[codeconvert.org/url-decode-string-online-free.html]
[codeconvert.org/string-hex-converter-online.html]
[codeconvert.org/hex-to-string-converter.html]
[codeconvert.org/string-binary-converter-online.html]
[codeconvert.org/binary-string-converter-online.html]
[codeconvert.org/case-converter-free-online.html]
[codeconvert.org/delimited-text-extractor-online.html]
[codeconvert.org/remove-accents-online.html]
[codeconvert.org/remove-duplicate-lines-online-free.html]
[codeconvert.org/remove-empty-lines-online.html]
[codeconvert.org/remove-line-breaks-online-free.html]
[codeconvert.org/remove-extra-spaces-strings-online.html]
[codeconvert.org/remove-lines-containing-online.html]
[codeconvert.org/sort-text-lines-online.html]
[codeconvert.org/text-to-rot13-converter-free-online.html]
[codeconvert.org/rot13-to-text-converter-online.html]
[codeconvert.org/calculate-string-length-online-calculator.html]
[codeconvert.org/dist/1.4/js/string-function.js]
[codeconvert.org/binary-to-textd807-converter-onlined807.html]
[codeconvert.org/base64-to-image-online-and-learn-converter.html]
[codeconvert.org/binary-to-text-converter-online.html]
[codeconvert.org/dist/1.4/js/common_load_with_home.js]
[codeconvert.org/img/cb/jsonviewer.png]
[codeconvert.org/dist/1.4/css/jsoneditor-all.css]
[codeconvert.org/json-viewer5b7e-online5b7e.html]
[codeconvert.org/json-viewer5889-online5889.html]
[codeconvert.org/json-to-xml.html]
[codeconvert.org/json-to-yaml-converter-online.html]
[codeconvert.org/csv-to-xml-json-online-conversion.html]
[codeconvert.org/json-viewer-beautify-online.html]
[codeconvert.org/img/cb/json-validator.jpg]
[codeconvert.org/json-validator.html]
[codeconvert.org/img/cb/base64-decode.png]
[codeconvert.org/base64-decode-online-file.html]
[codeconvert.org/img/cb/hex-to-decimal.png]
[codeconvert.org/hex-to-decimal-converter-calculator-free.html]
[codeconvert.org/img/cb/xmlviewer.png]
[codeconvert.org/xml-to-yaml-online.html]
[codeconvert.org/Xpath-Tester-online.html]
[cdnjs.cloudflare.com/ajax/libs/ace/1.4.8/ace.js]
[codeconvert.org/xml-viewer.html]
[codeconvert.org/dist/1.4/js/xmlviewer-with-lib.js]
[codeconvert.org/img/cb/xml-to-json.png]
[codeconvert.org/xml-to-json.html]
[codeconvert.org/img/cb/html-viewer.jpg]
[codeconvert.org/dist/1.4/js/json-tools-all.js]
[codeconvert.org/csv-to-html-converter-online.html]
[codeconvert.org/dist/1.4/js/vkbeautify.js]
[codeconvert.org/html-viewer-css.html]
[codeconvert.org/dist/1.4/js/allviewer.js]
[codeconvert.org/img/cb/encryption-decryption.jpg]
[codeconvert.org/encrypt-decrypt-online.html]
[codeconvert.org/img/cb/excel-to-html.jpg]
[codeconvert.org/excel-to-html-table.html]
[codeconvert.org/img/cb/css-validator.jpg]
[codeconvert.org/cssvalidate.html]
[cdnjs.cloudflare.com/ajax/libs/datatables/1.10.19/css/jquery.dataTables.min.css]
[codeconvert.org/htmlviewer/index.html]
[codeconvert.org/css-validate.html]
[codeconvert.org/dist/1.4/js/csslint.js]
[cdnjs.cloudflare.com/ajax/libs/datatables/1.10.19/js/jquery.dataTables.min.js]
[codeconvert.org/img/cb/xml-validator.png]
[codeconvert.org/xml-validator.html]
[codeconvert.org/img/cb/javascript-validator.jpg]
[codeconvert.org/dist/1.4/js/jslint.js]
[codeconvert.org/dist/1.4/js/cssbeautify.js]
[codeconvert.org/js-validate-online.html]
[codeconvert.org/img/cb/css-beautifier.jpg]
[codeconvert.org/css-beautify-minify-css-online.html]
[codeconvert.org/img/cb/OnlineJSONEditor.html]
[codeconvert.org/online-json-editor-formatter-online.html]
[codeconvert.org/img/cb/decimal-to-hex.png]
[codeconvert.org/decimal-to-hex-converter-online.html]
[codeconvert.org/binary-decimal-converter-online-file.html]
[codeconvert.org/img/cb/paraphrasing-tool.png]
[codeconvert.org/dist/1.4/js/seotools.js]
[codeconvert.org/paraphrasing-tool-online.html]
[codeconvert.org/img/cb/base64-to-xml.html]
[codeconvert.org/dist/1.4/js/base64tools.js]
[codeconvert.org/base64-to-xml-online-converter.html]
[codeconvert.org/img/cb/xml-to-base64.html]
[codeconvert.org/dist/1.4/js/objtree-vkbeautify.js]
[codeconvert.org/xml-to-base64-converter-online-search.html]
[codeconvert.org/img/cb/base64-to-json.html]
[codeconvert.org/base64-to-json-online-converter.html]
[codeconvert.org/img/cb/json-to-base64.html]
[codeconvert.org/json-to-base64-converter-online.html]
[codeconvert.org/img/cb/excel-to-json.jpg]
[codeconvert.org/dist/1.4/js/csv2json.js]
[codeconvert.org/excel-to-json-online-converter.html]
[codeconvert.org/img/cb/excel-to-xml.png]
[codeconvert.org/excel-to-xml-converter-online.html]
[codeconvert.org/img/cb/index.html]
[codeconvert.org/dist/1.4/js/iptools.js]
[codeconvert.org/hostname-to-ip-address.html]
[codeconvert.org/ip-to-hostname-online.html]
[codeconvert.org/dns-lookup-command-online.html]
[codeconvert.org/mx-lookup-tool-online.html]
[codeconvert.org/name-server-lookup-online.html]
[codeconvert.org/website-to-ip-address-online-search.html]
[codeconvert.org/img/cb/open-port-checker.png]
[codeconvert.org/open-port-checker-tool-and-online.html]
[codeconvert.org/dist/1.4/js/ntlm.js]
[codeconvert.org/ntlm-hash-generator-online.html]
[codeconvert.org/word-to-html-converter-calculator-online.html]
[codeconvert.org/dist/1.4/css/json-diff/jdd.css]
[codeconvert.org/js/json-diff/jsl.format.js]
[codeconvert.org/js/json-diff/jsl.parser.js]
[codeconvert.org/js/json-diff/jdd.js]
[codeconvert.org/json-diff-online.html]
[cdnjs.cloudflare.com/ajax/libs/underscore.js/1.9.1/underscore-min.js]
[codeconvert.org/dist/1.4/css/diffview.css]
[codeconvert.org/dist/1.4/js/difflib.js]
[codeconvert.org/dist/1.4/js/diffview.js]
[codeconvert.org/dist/1.4/js/util/makefilediff.js]
[codeconvert.org/xml-diff-tool-online.html]
[codeconvert.org/yaml-to-json-xml-csv-best-online.html]
[codeconvert.org/dist/1.4/js/json2convert.js]
[codeconvert.org/dist/1.4/js/convertToJava.js]
[codeconvert.org/json-to-java-converter-online.html]
[cdnjs.cloudflare.com/ajax/libs/js-beautify/1.9.0/beautify.min.js]
[cdnjs.cloudflare.com/ajax/libs/jqueryui/1.12.1/jquery-ui.min.css]
[codeconvert.org/xml-to-java-converter-online-free.html]
[cdnjs.cloudflare.com/ajax/libs/jqueryui/1.12.1/jquery-ui.min.js]
[codeconvert.org/img/cb/text-reverser.png]
[codeconvert.org/text-reverser-tool-online.html]
[codeconvert.org/img/cb/text-to-binary.png]
[codeconvert.org/ipcheck-to-weatherinfo-latestnews.html]
[codeconvert.org/search-a.html]
[codeconvert.org/recent-Links-Page.html]
[codeconvert.org/user-Save-Old-Link-Page.html]
[codeconvert.org/profile-a.html]
[codeconvert.org/myFavourite-Tools-online.html]
[codeconvert.org/login/logout.html]
[codeconvert.org/log-in.html]
[codeconvert.org/length-converter-online.html]
[codeconvert.org/weight-converter-online-search.html]
[codeconvert.org/volume-converter-online.html]
[codeconvert.org/all-type-area-converter.html]
[codeconvert.org/temperature-converter-free.html]
[codeconvert.org/density-converter-online.html]
[codeconvert.org/electric-current-converter-online-calculator.html]
[codeconvert.org/speed-converter-online.html]
[codeconvert.org/angel-degree-converter.html]
[codeconvert.org/bytes-converter-online-table.html]
[codeconvert.org/energy-converter-calculator.html]
[codeconvert.org/force-converter-online-table.html]
[codeconvert.org/fuel-converter-online-table.html]
[codeconvert.org/mass-converter-calculator-online.html]
[codeconvert.org/power-converter-online.html]
[codeconvert.org/pressure-converter-online-free.html]
[codeconvert.org/time-converter-calculator-online.html]
[codeconvert.org/astronomical-unit-conversion.html]
[codeconvert.org/frequency-converter-online.html]
[codeconvert.org/unix-time-stamp-converter-online.html]
[codeconvert.org/tableizer-online-free.html]
[codeconvert.org/html-to-csv-converter-online.html]
[codeconvert.org/html-to-tsv-converter-online.html]
[codeconvert.org/image-to-base64-converter-online.html]
[codeconvert.org/date-time-calculater-online.html]
[codeconvert.org/csv-to-xml-converter-open-source.html]
[codeconvert.org/csv-to-json-converter-online.html]
[codeconvert.org/csv-to-tsv-converter-online.html]
[codeconvert.org/json-to-csv-export-online.html]
[codeconvert.org/json-to-tsv-converter-online.html]
[codeconvert.org/xml-to-csv-converter-online.html]
[codeconvert.org/xml-to-tsv-converter-online.html]
[codeconvert.org/csv-to-multi-line-converter-online.html]
[codeconvert.org/csv-to-sql-converter-online-tool.html]
[codeconvert.org/hex-to-pantone-converter-online-tool.html]
[codeconvert.org/rgb-to-pantone-converter-online-search-tool.html]
[codeconvert.org/hsv-to-pantone-converter-online.html]
[codeconvert.org/cmyk-to-pantone-converter-illustrator.html]
[codeconvert.org/hex-to-cmyk-converter-online-tool.html]
[codeconvert.org/json-to-html-converter-online.html]
[codeconvert.org/xml-to-html-converter-online.html]
[codeconvert.org/json-escape-unescape-online-tool.html]
[codeconvert.org/lorem-ipsum-online.html]
[codeconvert.org/credit-card-validate-with-cvv.html]
[codeconvert.org/credit-card-fake-number-generator-online-for-all-country.html]
[codeconvert.org/file-diff-output-online.html]
[codeconvert.org/word-counter-online.html]
[codeconvert.org/api-online-testing.html]
[codeconvert.org/jpg-to-png-converter-free-online.html]
[codeconvert.org/jpg-to-bmp-converter-online.html]
[codeconvert.org/jpg-to-gif-converter-free-online.html]
[codeconvert.org/bmp-to-png-converter-online-free.html]
[codeconvert.org/bmp-to-jpg-converter-online-free.html]
[codeconvert.org/bmp-to-gif-animation-converter-online.html]
[codeconvert.org/gif-to-png-converter-online-free.html]
[codeconvert.org/gif-to-jpg-converter-online-free.html]
[codeconvert.org/gif-to-bmp-converter-free-online.html]
[codeconvert.org/png-to-jpg-converter-online.html]
[codeconvert.org/png-to-bmp-converter-free-online.html]
[codeconvert.org/png-to-gif-converter-free-online.html]
[codeconvert.org/faq-page.html]
[codeconvert.org/policy-page.html]
[codeconvert.org/about-us.html]
[codeconvert.org/contact-us.html]
[codeconvert.org/history-page.html]
[codeconvert.org/sitemap-generator.html]
[codeconvert.org/where-am-i-right-now-online.html]
[codeconvert.org/text-to-binary-online.html]
[codeconvert.org/minify-css-online.html]
[codeconvert.org/img/cb/jsonminifier.png]
[codeconvert.org/json-minifier-online-tool.html]
[codeconvert.org/dist/1.4/js/jsonpath.js]
[codeconvert.org/jsonpath-tester-online.html]
[codeconvert.org/dist/1.4/js/util/convertToExcel.js]
[codeconvert.org/json-to-excel-converter-online-free.html]
[codeconvert.org/xml-to-excel-converter-online.html]
[codeconvert.org/dist/1.4/js/converttocsv-underscore-lib.js]
[codeconvert.org/dist/1.4/js/csvviewer.js]
[codeconvert.org/csv-to-excel-converter-online.html]
[codeconvert.org/yaml-to-excel-converter-online.html]
[cdnjs.cloudflare.com/ajax/libs/yamljs/0.3.0/yaml.min.js]
[codeconvert.org/img/cb/text-to-html.png]
[codeconvert.org/text-to-html-converter-free-online.html]
[codeconvert.org/html-formatter-beautifier-and-converter-online.html]
[codeconvert.org/img/cb/random-word-generator.png]
[codeconvert.org/random-word-generator-online.html]
[codeconvert.org/password-generator-tool-online.html]
[codeconvert.org/html-to-php-converter-free-online.html]
[codeconvert.org/dist/1.4/js/xslt.js]
[codeconvert.org/xml-to-xsl-transformation.html]
[codeconvert.org/text-minifier-online-free-search.html]
[codeconvert.org/img/cb/hmac-generator.png]
[cdnjs.cloudflare.com/ajax/libs/crypto-js/3.1.9-1/crypto-js.min.js]
[cdnjs.cloudflare.com/ajax/libs/crypto-js/3.1.2/components/aes-min.js]
[cdnjs.cloudflare.com/ajax/libs/crypto-js/3.1.2/rollups/hmac-md5.js]
[cdnjs.cloudflare.com/ajax/libs/crypto-js/3.1.2/rollups/hmac-ripemd160.js]
[cdnjs.cloudflare.com/ajax/libs/crypto-js/3.1.2/rollups/hmac-sha1.js]
[cdnjs.cloudflare.com/ajax/libs/crypto-js/3.1.2/rollups/hmac-sha224.js]
[cdnjs.cloudflare.com/ajax/libs/crypto-js/3.1.2/rollups/hmac-sha256.js]
[cdnjs.cloudflare.com/ajax/libs/crypto-js/3.1.2/rollups/hmac-sha3.js]
[cdnjs.cloudflare.com/ajax/libs/crypto-js/3.1.2/rollups/hmac-sha384.js]
[cdnjs.cloudflare.com/ajax/libs/crypto-js/3.1.2/rollups/hmac-sha512.js]
[cdnjs.cloudflare.com/ajax/libs/crypto-js/3.1.2/rollups/md5.js]
[cdnjs.cloudflare.com/ajax/libs/crypto-js/3.1.2/rollups/pbkdf2.js]
[cdnjs.cloudflare.com/ajax/libs/crypto-js/3.1.2/rollups/rabbit-legacy.js]
[cdnjs.cloudflare.com/ajax/libs/crypto-js/3.1.2/rollups/rabbit.js]
[cdnjs.cloudflare.com/ajax/libs/crypto-js/3.1.2/rollups/rc4.js]
[cdnjs.cloudflare.com/ajax/libs/crypto-js/3.1.2/rollups/ripemd160.js]
[cdnjs.cloudflare.com/ajax/libs/crypto-js/3.1.2/rollups/sha1.js]
[cdnjs.cloudflare.com/ajax/libs/crypto-js/3.1.2/rollups/sha224.js]
[cdnjs.cloudflare.com/ajax/libs/crypto-js/3.1.2/rollups/sha256.js]
[cdnjs.cloudflare.com/ajax/libs/crypto-js/3.1.2/rollups/sha3.js]
[cdnjs.cloudflare.com/ajax/libs/crypto-js/3.1.2/rollups/sha384.js]
[cdnjs.cloudflare.com/ajax/libs/crypto-js/3.1.2/rollups/sha512.js]
[codeconvert.org/hmac-generator-online-tool.html]
[codeconvert.org/python-formatter-beautifier-online-free.html]
[codeconvert.org/ruby-formatter-beautifier-online.html]
[codeconvert.org/perl-formatter-beautifier-online.html]
[codeconvert.org/c-formatter-beautifier-format-online.html]
[cdnjs.cloudflare.com/ajax/libs/crypto-js/3.1.2/rollups/tripledes.js]
[codeconvert.org/cpp-formatter-beautifier-online.html]
[codeconvert.org/img/cb/base64-encode.png]
[codeconvert.org/base64-encode-online-file.html]
[cdnjs.cloudflare.com/ajax/libs/font-awesome/4.4.0/css/font-awesome.min.css]
[codeconvert.org/dist/1.4/js/cbshare.js]
[codeconvert.org/share-link-generator-online-free.html]
[codeconvert.org/dist/1.4/js/escape-function.js]
[codeconvert.org/dist/1.4/js/util/loadanyfilefromurl.js]
[codeconvert.org/html-escape-unescape-online.html]
[codeconvert.org/xml-escape-unescape-online.html]
[codeconvert.org/java-escape-unescape-string.html]
[codeconvert.org/csharp-escape-unescape-html-string.html]
[codeconvert.org/javascript-escape-unescape-converter.html]
[codeconvert.org/csv-escape-unescape-online-tool.html]
[codeconvert.org/sql-escape-unescape-online.html]
[codeconvert.org/un-google-link-online.html]
[codeconvert.org/img/cb/guid-generator.png]
[codeconvert.org/dist/1.4/js/randomtools.js]
[codeconvert.org/guid-generator-online.html]
[codeconvert.org/shuffle-letters-to-word-online.html]
[codeconvert.org/random-letter-generator-online-free.html]
[codeconvert.org/flip-a-coin-online-converter.html]
[codeconvert.org/roll-a-dice-online.html]
[codeconvert.org/dist/1.4/js/mode-json.js]
[codeconvert.org/dist/1.4/js/jquery-ace.min.js]
[codeconvert.org/dist/1.4/js/site.js]
[codeconvert.org/dist/1.4/js/converter.js]
[codeconvert.org/dist/1.4/js/generate-random-json.js]
[codeconvert.org/dist/1.4/js/word-dictionary.js]
[codeconvert.org/dist/1.4/js/random-json.js]
[codeconvert.org/json-generator-api.html]
[codeconvert.org/dist/1.4/js/generate-random-ip.js]
[codeconvert.org/generate-random-ip-address-online.html]
[codeconvert.org/dist/1.4/js/generate-random-xml.js]
[codeconvert.org/dist/1.4/js/html5-entities.js]
[codeconvert.org/dist/1.4/js/json2xml.js]
[codeconvert.org/dist/1.4/js/vkbeautify.min.js]
[codeconvert.org/generate-random-xml-online.html]
[codeconvert.org/dist/1.4/js/converter-regex.js]
[codeconvert.org/dist/1.4/js/generate-text-from-regex.js]
[codeconvert.org/dist/1.4/js/randexp.min.js]
[codeconvert.org/generate-random-data-from-regexp-online.html]
[codeconvert.org/dist/1.4/js/generate-random-csv.js]
[codeconvert.org/generate-random-csv-file-online.html]
[codeconvert.org/dist/1.4/js/papaparse.min.js]
[codeconvert.org/dist/1.4/js/generate-random-numbers.js]
[codeconvert.org/generate-random-numbers-online.html]
[codeconvert.org/dist/1.4/js/bignumber.min.js]
[codeconvert.org/dist/1.4/js/generate-random-integers.js]
[codeconvert.org/generate-random-integers-online.html]
[codeconvert.org/dist/1.4/js/generate-random-primes.js]
[codeconvert.org/generate-random-large-primes-online.html]
[codeconvert.org/dist/1.4/js/generate-random-date.js]
[codeconvert.org/generate-random-date-online.html]
[codeconvert.org/dist/1.4/js/generate-random-time.js]
[codeconvert.org/generate-random-time-online-stamp.html]
[codeconvert.org/dist/1.4/js/generate-random-bitmap.js]
[codeconvert.org/dist/1.4/js/canvas-toblob-polyfill.js]
[codeconvert.org/dist/1.4/js/colortools.js]
[codeconvert.org/dist/1.4/js/imagefit.js]
[codeconvert.org/generate-random-bitmap-online.html]
[codeconvert.org/dist/1.4/js/colorpicker.js]
[codeconvert.org/random-name-picker-online.html]
[codeconvert.org/shuffle-lines-file-online.html]
[codeconvert.org/dist/1.4/js/generate-random-mac.js]
[codeconvert.org/generate-random-mac-address-terminal.html]
[codeconvert.org/dist/1.4/js/generate-random-hexadecimal-numbers.js]
[codeconvert.org/generate-random-hexadecimal-numbers-online.html]
[codeconvert.org/dist/1.4/js/generate-random-tsv.js]
[codeconvert.org/generate-random-tsv-online-data.html]
[codeconvert.org/generate-random-uuid-online.html]
[codeconvert.org/dist/1.4/js/generate-random-string.js]
[codeconvert.org/generate-random-string-online-bash.html]
[codeconvert.org/dist/1.4/js/generate-random-fractions.js]
[codeconvert.org/generate-random-fractions-online.html]
[codeconvert.org/dist/1.4/js/generate-random-integer-range.js]
[codeconvert.org/generate-random-integer-range-online.html]
[codeconvert.org/dist/1.4/js/generate-random-binary-numbers.js]
[codeconvert.org/generate-random-binary-numbers-online-found.html]
[codeconvert.org/dist/1.4/js/generate-random-bytes.js]
[codeconvert.org/generate-random-bytes-online.html]
[codeconvert.org/generate-random-decimal-numbers-online.html]
[codeconvert.org/ip-tools.html]
[codeconvert.org/image-converter-tools-online.html]
[codeconvert.org/financial-tools/emi-calculator.html]
[codeconvert.org/financial-tools/home-loan.html]
[codeconvert.org/financial-tools/personal-loan.html]
[codeconvert.org/financial-tools/car-loan.html]
[codeconvert.org/financial-tools-online-example.html]
[codeconvert.org/tsv-to-json-converter-online-free.html]
[codeconvert.org/tsv-to-xml-converter-calculator-free-online.html]
[codeconvert.org/tsv-to-html-converter-online-free-search.html]
[codeconvert.org/tsv-to-csv-converter-online-free.html]
[codeconvert.org/tsv-tools-search-online.html]
[codeconvert.org/json-tools-online.html]
[codeconvert.org/xml-tools-online.html]
[codeconvert.org/send-html-email-online-free.html]
[codeconvert.org/html-tools-list-online.html]
[codeconvert.org/javascript-css-tools.html]
[codeconvert.org/csv-tools-online-open-source.html]
[codeconvert.org/sql-tools-online-free.html]
[codeconvert.org/color-tools-online.html]
[codeconvert.org/unit-tools.html]
[codeconvert.org/number-tools-online.html]
[codeconvert.org/string-functions-free-online.html]
[codeconvert.org/yaml-to-base64-converter-string-online.html]
[codeconvert.org/base64-to-yaml-online-converter.html]
[codeconvert.org/base64-to-csv-online-converter.html]
[codeconvert.org/tsv-to-base64-converter-online-search.html]
[codeconvert.org/base64-to-tsv-online-converter.html]
[codeconvert.org/binary-to-base64-converter-online.html]
[codeconvert.org/base64-to-binary-online-converter.html]
[codeconvert.org/hex-to-base64-converter-online.html]
[codeconvert.org/base64-to-hex-online-converter.html]
[codeconvert.org/octal-to-base64-converter-online.html]
[codeconvert.org/base64-to-octal-online-converter.html]
[codeconvert.org/html-to-base64-converter-online.html]
[codeconvert.org/base64-to-html-online-converter.html]
[codeconvert.org/css-to-base64-converter-online.html]
[codeconvert.org/base64-to-css-online-converter.html]
[codeconvert.org/javascript-to-base64-converter-online.html]
[codeconvert.org/base64-to-javascript-online-learn-converter.html]
[codeconvert.org/base64-tools-online.html]
[codeconvert.org/img/cb/randomtools.html]
[codeconvert.org/random-tools-generator-online.html]
[codeconvert.org/mxml-viewer.html]
[codeconvert.org/img/cb/jsviewer.png]
[codeconvert.org/js-viewer.html]
[codeconvert.org/img/cb/rssviewer.png]
[codeconvert.org/rss-viewer-online.html]
[codeconvert.org/java-viewer-applet.html]
[codeconvert.org/csharp-viewer.html]
[codeconvert.org/actionscriptonlinetutorial.html]
[cdnjs.cloudflare.com/ajax/libs/x2js/1.2.0/xml2json.min.js]
[codeconvert.org/img/cb/sql-formatter.jpg]
[cdnjs.cloudflare.com/ajax/libs/sql.js/0.5.0/js/sql.js]
[codeconvert.org/dist/1.4/js/sqlviewer.js]
[codeconvert.org/sql-for-matter-free.html]
[codeconvert.org/img/cb/online-editor.jpg]
[cdnjs.cloudflare.com/ajax/libs/ace/1.4.8/ext-language_tools.js]
[codeconvert.org/img/fsin.png]
[codeconvert.org/full-online-editor.html]
[codeconvert.org/source-code-viewer-online.html]
[codeconvert.org/send-snap-message-online.html]
[codeconvert.org/img/cb/cmyk-to-hex.png]
[codeconvert.org/dist/1.4/css/colpick.css]
[codeconvert.org/dist/1.4/js/colpick.js]
[codeconvert.org/dist/1.4/js/color.js]
[codeconvert.org/cmyk-to-hex-online-converter.html]
[codeconvert.org/dist/1.4/js/pantonJS.js]
[codeconvert.org/img/cb/cmyk-to-rgb.png]
[codeconvert.org/cmyk-to-rgb-converter-tool-online.html]
[codeconvert.org/img/cb/cmyk-to-hsv.png]
[codeconvert.org/cmyk-to-hsv-online-converter.html]
[codeconvert.org/img/cb/hsv-to-hex.png]
[codeconvert.org/hsv-to-hex-converter-search-online.html]
[codeconvert.org/hex-to-hsv-converter-online.html]
[codeconvert.org/img/cb/hsv-to-rgb.png]
[codeconvert.org/hsv-to-rgb-converter-online.html]
[codeconvert.org/img/cb/hsv-to-cmyk.png]
[codeconvert.org/hsv-to-cmyk-converter-online.html]
[codeconvert.org/img/cb/RGBtoHEXcolorconverter.png]
[codeconvert.org/rgb-to-hex-converter-online-tool.html]
[codeconvert.org/rgb-to-hsv-converter-online-tool.html]
[codeconvert.org/img/cb/rgb-to-cmyk-converter.jpg]
[codeconvert.org/rgb-to-cmyk-converter-online-tool.html]
[codeconvert.org/hex-to-rgb-converter-online.html]
[codeconvert.org/img/cb/online-xml-editor.jpg]
[codeconvert.org/online-xml-editor-online.html]
[codeconvert.org/img/cb/BrokenLinkChecker.png]
[codeconvert.org/google-online.html]
[codeconvert.org/broken-link-checker-extension.html]
[codeconvert.org/img/cb/yaml-validator.jpg]
[codeconvert.org/yaml-validator-online.html]
[codeconvert.org/img/cb/opml-viewer.jpg]
[codeconvert.org/opml-viewer-online.html]
[codeconvert.org/img/cb/opml-to-json-converter.jpg]
[cdnjs.cloudflare.com/ajax/libs/jsoneditor/8.5.3/jsoneditor.min.css]
[codeconvert.org/opml-to-json-converter-online.html]
[cdnjs.cloudflare.com/ajax/libs/jsoneditor/8.5.3/jsoneditor.min.js]
[codeconvert.org/css/responsiveTesterView.css]
[codeconvert.org/responsive-website-tester-google-extension-free.html]
[codeconvert.org/dist/1.4/js/responsive.js]
[codeconvert.org/img/cb/sql-to-csv.png]
[codeconvert.org/sql-to-csv-converter-online.html]
[codeconvert.org/img/cb/sql-to-json.png]
[codeconvert.org/sql-to-json-converter-free.html]
[codeconvert.org/sql-to-xml-converter-online-free.html]
[codeconvert.org/dist/1.4/js/jsontoyaml.js]
[codeconvert.org/sql-to-yaml-converter-online.html]
[codeconvert.org/sql-to-html-converter-online-free.html]
[codeconvert.org/img/103.html]
[codeconvert.org/img/btn-connect-option.html]
[codeconvert.org/img/icons/convertor.html]
[codeconvert.org/img/icons/editors.html]
[codeconvert.org/img/icons/function.html]
[codeconvert.org/img/icons/encydec.html]
[codeconvert.org/img/icons/warning.html]
[codeconvert.org/img/icons/web.html]
[codeconvert.org/img/icons/conv.html]
[codeconvert.org/img/icons/tools.html]
[codeconvert.org/dist/1.4/img/footertexture.html]
[codeconvert.org/dist/1.4/img/refresh.html]
[codeconvert.org/dist/1.4/img/messagetingbody.html]
[codeconvert.org/dist/1.4/img/notebookHead.html]
[codeconvert.org/dist/1.4/img/messagetinghead.html]
[codeconvert.org/dist/1.4/img/messagetingfooter.html]
[codeconvert.org/dist/1.4/css/fonts/icomoonf75af75a.svg]
[codeconvert.org/dist/1.4/js/upsidedowntext.js]
[codeconvert.org/upside-down-text-online-search.html]
[codeconvert.org/allnumberHEXABINARYetcconverter.html]
[codeconvert.org/decimal-to-binary-converter-online.html]
[codeconvert.org/img/cb/decimal-to-octal.png]
[codeconvert.org/decimal-to-octal-converter-online.html]
[codeconvert.org/binary-hex-converter-online-file.html]
[codeconvert.org/binary-octal-converter-online-file.html]
[codeconvert.org/hex-to-binary-converter-free-online.html]
[codeconvert.org/hex-to-octal-converter-online-free.html]
[codeconvert.org/img/cb/octal-to-decimal.png]
[codeconvert.org/octal-to-decimal-converter-online.html]
[codeconvert.org/octal-to-binary-converter-online.html]
[codeconvert.org/octal-to-hex-converter-online.html]
[codeconvert.org/number-to-word-converter-online.html]
[codeconvert.org/string-builder-free-online.html]
[codeconvert.org/img/cb/reverse-string.png]
[codeconvert.org/reverse-string-online.html]
[codeconvert.org/html-encode-string-online.html]
[codeconvert.org/html-decode-string-online.html]
[codeconvert.org/img/cb/url-encode.png]
[codeconvert.org/url-encode-string-online.html]
[codeconvert.org/url-decode-string-online-free.html]
[codeconvert.org/img/cb/string-to-hex.png]
[codeconvert.org/string-hex-converter-online.html]
[codeconvert.org/img/cb/hex-to-string.png]
[codeconvert.org/hex-to-string-converter.html]
[codeconvert.org/string-binary-converter-online.html]
[codeconvert.org/binary-string-converter-online.html]
[codeconvert.org/img/cb/case-converter.png]
[codeconvert.org/case-converter-free-online.html]
[codeconvert.org/delimited-text-extractor-online.html]
[codeconvert.org/remove-accents-online.html]
[codeconvert.org/remove-duplicate-lines-online-free.html]
[codeconvert.org/remove-empty-lines-online.html]
[codeconvert.org/remove-line-breaks-online-free.html]
[codeconvert.org/remove-extra-spaces-strings-online.html]
[codeconvert.org/remove-lines-containing-online.html]
[codeconvert.org/sort-text-lines-online.html]
[codeconvert.org/img/cb/text-to-rot13.html]
[codeconvert.org/text-to-rot13-converter-free-online.html]
[codeconvert.org/img/cb/rot13-to-text.html]
[codeconvert.org/rot13-to-text-converter-online.html]
[codeconvert.org/calculate-string-length-online-calculator.html]
[codeconvert.org/binary-to-textd807-converter-onlined807.html]
[codeconvert.org/base64-to-image-online-and-learn-converter.html]
[codeconvert.org/dist/1.4/css/jsoneditor-all.css]
[codeconvert.org/codeblogmoney.com/what-is-json/index.html]
[codeconvert.org/codeblogmoney.com/json-example-with-data-types-including-json-array/index.html]
[codeconvert.org/json-viewer5b7e-online5b7e.html]
[codeconvert.org/json-viewer5889-online5889.html]
[codeconvert.org/img/cb/json-to-xml.png]
[codeconvert.org/json-to-xml.html]
[codeconvert.org/json-to-yaml-converter-online.html]
[codeconvert.org/csv-to-xml-json-online-conversion.html]
[codeconvert.org/img/cb/xml-to-yaml.png]
[codeconvert.org/xml-to-yaml-online.html]
[codeconvert.org/Xpath-Tester-online.html]
[codeconvert.org/csv-to-html-converter-online.html]
[codeconvert.org/cssvalidate.html]
[cdnjs.cloudflare.com/ajax/libs/PapaParse/4.6.3/papaparse.min.js]
[cdnjs.cloudflare.com/ajax/libs/datatables/1.10.19/images/sort_both.png]
[cdnjs.cloudflare.com/ajax/libs/datatables/1.10.19/images/sort_asc.png]
[cdnjs.cloudflare.com/ajax/libs/datatables/1.10.19/images/sort_desc.png]
[cdnjs.cloudflare.com/ajax/libs/datatables/1.10.19/images/sort_asc_disabled.png]
[cdnjs.cloudflare.com/ajax/libs/datatables/1.10.19/images/sort_desc_disabled.png]
[cdnjs.cloudflare.com/ajax/libs/datatables/1.10.19/css/jquery.dataTables.min.css]
[codeconvert.org/htmlviewer/index.html]
[codeconvert.org/jsviewer.html]
[codeconvert.org/css-beautify-minify.html]
[codeconvert.org/img/cb/OnlineJSONEditor.html]
[codeconvert.org/img/cb/base64-to-xml.html]
[codeconvert.org/img/cb/xml-to-base64.html]
[codeconvert.org/img/cb/base64-to-json.html]
[codeconvert.org/img/cb/json-to-base64.html]
[codeconvert.org/img/cb/index.html]
[codeconvert.org/ip-to-hostname-online-search-a.html]
[codeconvert.org/dist/1.4/css/json-diff/jdd.css]
[codeconvert.org/dist/1.4/css/diffview.css]
[codeconvert.org/json-to-java-converter-online-search-a.html]
[codeconvert.org/img/cb/YAMLConverter.png]
[codeconvert.org/yaml-to-json-xml-csv-best-online.html]
[cdnjs.cloudflare.com/ajax/libs/jqueryui/1.12.1/images/ui-icons_444444_256x240.png]
[cdnjs.cloudflare.com/ajax/libs/jqueryui/1.12.1/images/ui-icons_555555_256x240.png]
[cdnjs.cloudflare.com/ajax/libs/jqueryui/1.12.1/images/ui-icons_ffffff_256x240.png]
[cdnjs.cloudflare.com/ajax/libs/jqueryui/1.12.1/images/ui-icons_777620_256x240.png]
[cdnjs.cloudflare.com/ajax/libs/jqueryui/1.12.1/images/ui-icons_cc0000_256x240.png]
[cdnjs.cloudflare.com/ajax/libs/jqueryui/1.12.1/jquery-ui.min.css]
[codeconvert.org/jsonformatter.org/index.html]
[codeconvert.org/hexcolorcodes.org/index.html]
[cdnjs.cloudflare.com/ajax/libs/jqueryui/1.12.1/images/ui-icons_777777_256x240.png]
[codeconvert.org/img/ajax-loader.gif]
[codeconvert.org/dist/1.4/js/openWeather.js]
[codeconvert.org/ipcheck-to-weatherinfo-latestnews.html]
[codeconvert.org/search-a.html]
[codeconvert.org/old-Links-Page-free.html]
[codeconvert.org/jsonviewer/cbba1bc5.html]
[codeconvert.org/excel-to-json/cb18a37a.html]
[codeconvert.org/jsonviewer/cbeb8b59.html]
[codeconvert.org/online-xml-editor/cbcc055f.html]
[codeconvert.org/htmlviewer/cb3f975c.html]
[codeconvert.org/online-xml-editor/cb4b1524.html]
[codeconvert.org/alleditor/cb262017.html]
[codeconvert.org/htmlviewer/cb93bc44.html]
[codeconvert.org/jsonviewer/cbc38221.html]
[codeconvert.org/jsonviewer/cbd01a91.html]
[codeconvert.org/recentLinksPage/10.html]
[codeconvert.org/recentLinksPage/20.html]
[codeconvert.org/recentLinksPage/30.html]
[codeconvert.org/recentLinksPage/131580.html]
[codeconvert.org/recent-Links-Page.html]
[codeconvert.org/user-Save-Link-Page.html]
[codeconvert.org/user-Save-Old-Link-Page.html]
[codeconvert.org/profile-a.html]
[codeconvert.org/sql-format-free.html]
[codeconvert.org/xml-validator7eee-online.html]
[codeconvert.org/json-validator-c810-online.html]
[codeconvert.org/pantone-to-cmyk-converter-tool-online.html]
[codeconvert.org/pantone-to-hex-converter-tool-online.html]
[codeconvert.org/pantone-to-rgb-converter-online-tool.html]
[codeconvert.org/myFavouriteTools/10.html]
[codeconvert.org/myFavouriteTools/20.html]
[codeconvert.org/myFavouriteTools/30.html]
[codeconvert.org/myFavouriteTools/1350.html]
[codeconvert.org/cdn-cgi/scripts/5c5dd728/cloudflare-static/email-decode.min.js]
[codeconvert.org/myFavourite-Tools-online.html]
[codeconvert.org/img/cb/jsonformatter.html]
[codeconvert.org/dist/1.4/js/login.js]
[codeconvert.org/login/logout.html]
[codeconvert.org/cb-log-in.html]
[codeconvert.org/log-in.html]
[cdnjs.cloudflare.com/ajax/libs/hellojs/2.0.0-4/hello.all.js]
[codeconvert.org/dist/1.4/js/unitconverter.js]
[codeconvert.org/length-converter-online.html]
[codeconvert.org/weight-converter-online-search.html]
[codeconvert.org/volume-converter-online.html]
[codeconvert.org/all-type-area-converter.html]
[codeconvert.org/temperature-converter-free.html]
[codeconvert.org/density-converter-online.html]
[codeconvert.org/electric-current-converter-online-calculator.html]
[codeconvert.org/speed-converter-online.html]
[codeconvert.org/angel-degree-converter.html]
[codeconvert.org/bytes-converter-online-table.html]
[codeconvert.org/energy-converter-calculator.html]
[codeconvert.org/force-converter-online-table.html]
[codeconvert.org/fuel-converter-online-table.html]
[codeconvert.org/mass-converter-calculator-online.html]
[codeconvert.org/power-converter-online.html]
[codeconvert.org/pressure-converter-online-free.html]
[codeconvert.org/time-converter-calculator-online.html]
[codeconvert.org/astronomical-unit-conversion.html]
[codeconvert.org/frequency-converter-online.html]
[codeconvert.org/dist/1.4/js/dateFormate.js]
[codeconvert.org/unix-time-stamp-converter-online.html]
[codeconvert.org/tableizer-online-free.html]
[codeconvert.org/html-to-csv-converter-online.html]
[codeconvert.org/dist/1.4/js/tsvviewer.js]
[codeconvert.org/html-to-tsv-converter-online.html]
[codeconvert.org/dist/1.4/js/image-to-base64.js]
[codeconvert.org/image-to-base64-converter-online.html]
[codeconvert.org/dist/1.4/js/inputmask.js]
[codeconvert.org/date-time-calculater-online.html]
[codeconvert.org/csv-to-xml-converter-open-source.html]
[codeconvert.org/csv-to-json-converter-online.html]
[codeconvert.org/csv-to-tsv-converter-online.html]
[codeconvert.org/json-to-csv-export-online.html]
[codeconvert.org/img/cb/json-to-tsv.png]
[codeconvert.org/json-to-tsv-converter-online.html]
[codeconvert.org/xml-to-csv-converter-online.html]
[codeconvert.org/img/cb/xml-to-tsv.png]
[codeconvert.org/xml-to-tsv-converter-online.html]
[codeconvert.org/csv-to-multi-line-converter-online.html]
[codeconvert.org/img/cb/csv-to-sql.png]
[codeconvert.org/csv-to-sql-converter-online-tool.html]
[codeconvert.org/hex-to-pantone-converter-online-tool.html]
[codeconvert.org/rgb-to-pantone-converter-online-search-tool.html]
[codeconvert.org/hsv-to-pantone-converter-online.html]
[codeconvert.org/cmyk-to-pantone-converter-illustrator.html]
[codeconvert.org/img/cb/HEXToCMYKColor.png]
[codeconvert.org/hex-to-cmyk-converter-online-tool.html]
[codeconvert.org/img/cb/json-to-html.jpg]
[codeconvert.org/json-to-html-converter-online.html]
[codeconvert.org/img/cb/xml-to-html.jpg]
[codeconvert.org/xml-to-html-converter-online.html]
[codeconvert.org/json-escape-unescape-online-tool.html]
[codeconvert.org/img/preview.png]
[codeconvert.org/OPR/index.html]
[codeconvert.org/lorem-ipsum-online.html]
[codeconvert.org/img/cb/CreditCardNumberValidator.png]
[codeconvert.org/dist/1.4/js/creditcard.js]
[codeconvert.org/credit-card-validate-with-cvv.html]
[codeconvert.org/img/cb/CreditCardFakeNumberGenerator.png]
[codeconvert.org/credit-card-fake-number-generator-online-for-all-country.html]
[codeconvert.org/img/cb/filediff.png]
[codeconvert.org/file-diff-output-online.html]
[codeconvert.org/img/cb/word-counter.png]
[codeconvert.org/img/loader.gif]
[codeconvert.org/phpspellcheck/include.js]
[cdnjs.cloudflare.com/ajax/libs/jquery-highlighttextarea/2.0/jquery.highlighttextarea.min.js]
[codeconvert.org/dist/1.4/js/density.js]
[codeconvert.org/word-counter-online.html]
[codeconvert.org/api-online-testing.html]
[cdnjs.cloudflare.com/ajax/libs/countable/3.0.1/Countable.min.js]
[codeconvert.org/img/cb/jpg-to-png.png]
[cdnjs.cloudflare.com/ajax/libs/FileSaver.js/1.3.8/FileSaver.min.js]
[codeconvert.org/dist/1.4/js/image-converter.js]
[codeconvert.org/jpg-to-png-converter-free-online.html]
[codeconvert.org/img/cb/jpg-to-bmp.png]
[codeconvert.org/jpg-to-bmp-converter-online.html]
[codeconvert.org/img/cb/jpg-to-gif.png]
[codeconvert.org/jpg-to-gif-converter-free-online.html]
[codeconvert.org/img/cb/bmp-to-png.png]
[codeconvert.org/bmp-to-png-converter-online-free.html]
[codeconvert.org/img/cb/bmp-to-jpg.png]
[codeconvert.org/bmp-to-jpg-converter-online-free.html]
[codeconvert.org/img/cb/bmp-to-gif.png]
[codeconvert.org/bmp-to-gif-animation-converter-online.html]
[codeconvert.org/img/cb/gif-to-png.png]
[codeconvert.org/gif-to-png-converter-online-free.html]
[codeconvert.org/img/cb/gif-to-jpg.png]
[codeconvert.org/gif-to-jpg-converter-online-free.html]
[codeconvert.org/img/cb/gif-to-bmp.png]
[codeconvert.org/gif-to-bmp-converter-free-online.html]
[codeconvert.org/img/cb/png-to-jpg.png]
[codeconvert.org/png-to-jpg-converter-online.html]
[codeconvert.org/img/cb/png-to-bmp.png]
[codeconvert.org/png-to-bmp-converter-free-online.html]
[codeconvert.org/img/cb/png-to-gif.png]
[codeconvert.org/png-to-gif-converter-free-online.html]
[codeconvert.org/www.paypal.com/donate/indexd503.html]
[codeconvert.org/faq-page.html]
[codeconvert.org/policy-page.html]
[codeconvert.org/about-us.html]
[codeconvert.org/contact-us.html]
[codeconvert.org/history-page.html]
[codeconvert.org/sitemap-generator.html]
[codeconvert.org/where-am-i-right-now-online.html]
[codeconvert.org/codeblogmoney.com/index.html]
[codeconvert.org/jsonpath-tester-online-search-a.html]
[codeconvert.org/html-decode-string-online-search-a.html]
[codeconvert.org/cpp-formatter-beautifier-online-format.html]
[cdnjs.cloudflare.com/ajax/libs/font-awesome/4.4.0/css/font-awesome.min.css]
[codeconvert.org/img/cb/shuffle-letters-to-word-online.html]
[codeconvert.org/img/cb/random-letter-generator-online-free.html]
[codeconvert.org/img/cb/flip-a-coin-online-converter.html]
[codeconvert.org/img/cb/roll-a-dice-online.html]
[codeconvert.org/img/cb/json-generator-api.html]
[codeconvert.org/cheef.github.io/jquery-ace/javascripts/ace/ace.html]
[codeconvert.org/img/cb/generate-random-ip-address-online.html]
[codeconvert.org/img/cb/generate-random-xml-online-search-a.html]
[codeconvert.org/generate-random-xml-online-search-a.html]
[codeconvert.org/img/cb/generate-random-data-from-regexp-online.html]
[codeconvert.org/img/cb/generate-random-csv-file-online.html]
[codeconvert.org/img/cb/generate-random-numbers-online-search-a.html]
[codeconvert.org/generate-random-numbers-online-search-a.html]
[codeconvert.org/img/cb/generate-random-integers-online.html]
[codeconvert.org/img/cb/generate-random-large-primes-online.html]
[codeconvert.org/img/cb/generate-random-date-online.html]
[codeconvert.org/img/cb/generate-random-time-online-stamp.html]
[codeconvert.org/img/cb/generate-random-bitmap-online.html]
[codeconvert.org/img/cb/random-name-picker-online.html]
[codeconvert.org/img/cb/shuffle-lines-file-online.html]
[codeconvert.org/img/cb/generate-random-mac-address-terminal.html]
[codeconvert.org/img/cb/generate-random-hexadecimal-numbers-online-search-a.html]
[codeconvert.org/generate-random-hexadecimal-numbers-online-search-a.html]
[codeconvert.org/img/cb/generate-random-tsv-online-data.html]
[codeconvert.org/img/cb/generate-random-uuid-online-search-a.html]
[codeconvert.org/generate-random-uuid-online-search-a.html]
[codeconvert.org/img/cb/generate-random-string-online-bash.html]
[codeconvert.org/img/cb/generate-random-fractions-online.html]
[codeconvert.org/img/cb/generate-random-integer-range-online-search-a.html]
[codeconvert.org/generate-random-integer-range-online-search-a.html]
[codeconvert.org/img/cb/generate-random-binary-numbers-online-found.html]
[codeconvert.org/img/cb/generate-random-bytes-online.html]
[codeconvert.org/img/cb/generate-random-decimal-numbers-online.html]
[codeconvert.org/image-converter-tools-online-search-a.html]
[codeconvert.org/jpg-to-bmp-converter-online-search-a.html]
[codeconvert.org/png-to-jpg-converter-online-search-a.html]
[codeconvert.org/financial-tools/emi-calculator.html]
[codeconvert.org/financial-tools/home-loan.html]
[codeconvert.org/financial-tools/personal-loan.html]
[codeconvert.org/financial-tools/car-loan.html]
[codeconvert.org/serp-checker-online-free.html]
[codeconvert.org/img/cb/tsv-to-json.png]
[codeconvert.org/tsv-to-json-converter-online-free.html]
[codeconvert.org/img/cb/tsv-to-xml.png]
[codeconvert.org/tsv-to-xml-converter-calculator-free-online.html]
[codeconvert.org/tsv-to-html-converter-online-free-search.html]
[codeconvert.org/tsv-to-csv-converter-online-free.html]
[codeconvert.org/json-tools-online-search-a.html]
[codeconvert.org/json-to-html-converter-online-search-a.html]
[codeconvert.org/send-html-email-online-free.html]
[codeconvert.org/img/cb/base64-tools-online.html]
[codeconvert.org/img/cb/yaml-to-base64.html]
[codeconvert.org/yaml-to-base64-converter-string-online.html]
[codeconvert.org/img/cb/base64-to-yaml.html]
[codeconvert.org/base64-to-yaml-online-converter.html]
[codeconvert.org/csv-to-base64-converter-online.html]
[codeconvert.org/img/cb/base64-to-csv.html]
[codeconvert.org/base64-to-csv-online-converter.html]
[codeconvert.org/img/cb/tsv-to-base64.html]
[codeconvert.org/tsv-to-base64-converter-online-search.html]
[codeconvert.org/img/cb/base64-to-tsv.html]
[codeconvert.org/base64-to-tsv-online-converter.html]
[codeconvert.org/img/cb/binary-to-base64.html]
[codeconvert.org/binary-to-base64-converter-online.html]
[codeconvert.org/img/cb/base64-to-binary.html]
[codeconvert.org/base64-to-binary-online-converter.html]
[codeconvert.org/img/cb/hex-to-base64.html]
[codeconvert.org/hex-to-base64-converter-online.html]
[codeconvert.org/img/cb/base64-to-hex.html]
[codeconvert.org/base64-to-hex-online-converter.html]
[codeconvert.org/img/cb/octal-to-base64.html]
[codeconvert.org/octal-to-base64-converter-online.html]
[codeconvert.org/img/cb/base64-to-octal.html]
[codeconvert.org/base64-to-octal-online-converter.html]
[codeconvert.org/img/cb/html-to-base64.html]
[codeconvert.org/html-to-base64-converter-online.html]
[codeconvert.org/img/cb/base64-to-html.html]
[codeconvert.org/base64-to-html-online-converter.html]
[codeconvert.org/img/cb/csv-to-base64.html]
[codeconvert.org/css-to-base64-converter-online.html]
[codeconvert.org/img/cb/base64-to-css.html]
[codeconvert.org/base64-to-css-online-converter.html]
[codeconvert.org/img/cb/javascript-to-base64.html]
[codeconvert.org/javascript-to-base64-converter-online.html]
[codeconvert.org/img/cb/base64-to-javascript.html]
[codeconvert.org/base64-to-javascript-online-learn-converter.html]
[codeconvert.org/img/cb/randomtools.html]
[codeconvert.org/dist/1.4/css/colpick.css]
[codeconvert.org/hex-to-hsv-converter-online-search-a.html]
[codeconvert.org/hsv-to-rgb-converter-online-search-a.html]
[codeconvert.org/hsv-to-cmyk-converter-online-search-a.html]
[codeconvert.org/hsv-to-pantone-converter-online-search-a.html]
[codeconvert.org/hex-to-rgb-converter-online-search-a.html]
[codeconvert.org/google-online.html]
[cdnjs.cloudflare.com/ajax/libs/jsoneditor/8.5.3/jsoneditor.min.css]
[codeconvert.org/maxcdn.bootstrapcdn.com/font-awesome/4.1.0/css/font-awesome.min.html]
[cdnjs.cloudflare.com/ajax/libs/jsoneditor/8.5.3/img/jsoneditor-icons.svg]
[codeconvert.org/img/resposive/ruler-v.html]
[codeconvert.org/img/resposive/ruler-h.html]
[codeconvert.org/img/resposive/IPhone_5s.png]
[codeconvert.org/img/resposive/nexus5.png]
[codeconvert.org/img/resposive/galaxy.png]
[codeconvert.org/img/resposive/Nokia_Lumia_930.png]
[codeconvert.org/img/resposive/samsungTab_P.png]
[codeconvert.org/img/resposive/samsungTab_L.png]
[codeconvert.org/img/resposive/ipad3_P.png]
[codeconvert.org/img/resposive/ipad3_L.jpg]
[codeconvert.org/img/resposive/macpc.jpg]
[codeconvert.org/img/resposive/macbook.png]
[codeconvert.org/img/resposive/iphone3GS.png]
[codeconvert.org/img/resposive/iphone4.png]
[codeconvert.org/img/resposive/iphone5.png]
[codeconvert.org/img/resposive/googlenexus5.png]
[codeconvert.org/img/resposive/nexus_4.png]
[codeconvert.org/img/resposive/htcDesire200.png]
[codeconvert.org/img/resposive/HTC_Sensation.png]
[codeconvert.org/img/resposive/HTC-Desire-X.png]
[codeconvert.org/img/resposive/htcDesireSV.png]
[codeconvert.org/img/resposive/htcDesireHD.png]
[codeconvert.org/img/resposive/htvEVO.png]
[codeconvert.org/img/resposive/htc1.png]
[codeconvert.org/img/resposive/LG_OPTIMUS_L5.png]
[codeconvert.org/img/resposive/lgOptimus3D.png]
[codeconvert.org/img/resposive/lg_optimus_4x.png]
[codeconvert.org/img/resposive/lgOptimusGPro.png]
[codeconvert.org/img/resposive/Nokia-Lumia-800.png]
[codeconvert.org/img/resposive/Nokia-Lumia-520.png]
[codeconvert.org/img/resposive/nokia_lumia-620.png]
[codeconvert.org/img/resposive/lumia-520.png]
[codeconvert.org/img/resposive/nokia-lumia-900.png]
[codeconvert.org/img/resposive/nokia-lumia-920.png]
[codeconvert.org/img/resposive/nokia-lumia-925.png]
[codeconvert.org/img/resposive/lumia1020.png]
[codeconvert.org/img/resposive/samsunggalaxynote.png]
[codeconvert.org/img/resposive/samsungnote2.png]
[codeconvert.org/img/resposive/samsungGalaxyS.png]
[codeconvert.org/img/resposive/samsung_galaxyS__pluspng.png]
[codeconvert.org/img/resposive/Samsung_Galaxy_S2.html]
[codeconvert.org/img/resposive/galaxy_s3.png]
[codeconvert.org/img/resposive/samsung-galaxy-s4.png]
[codeconvert.org/img/resposive/samsungNexusS.png]
[codeconvert.org/img/resposive/Sony_Xperia_Z.png]
[codeconvert.org/img/resposive/blackberryQ10.png]
[codeconvert.org/img/resposive/BlackberryZ10.png]
[codeconvert.org/img/resposive/MotorolaDroid.png]
[codeconvert.org/img/resposive/droid4.png]
[codeconvert.org/img/resposive/droid-razr.png]
[codeconvert.org/img/resposive/droid-razr-maxx.png]
[codeconvert.org/css/responsiveTesterView.css]
[codeconvert.org/img/404_man.html]
[codeconvert.org/dist/1.4/img/404_man.html]
[codeconvert.org/img/cb/upside-down-text-online-search.html]
[codeconvert.org/number-to-word-converter-online-search-a.html]
[codeconvert.org/html-encode-string-online-search-a.html]
[codeconvert.org/img/cb/html-enc-o-d-e.html]
[codeconvert.org/img/cb/html-dec-o-d-e.html]
[codeconvert.org/img/cb/url-dec-o-d-e.html]
[codeconvert.org/img/cb/text-to-rot13.html]
[codeconvert.org/img/cb/rot13-to-text.html]
[codeconvert.org/dist/1.4/css/img/jsoneditor-icons.svg]
[codeconvert.org/json-viewer5b7e-online-search-a5b7e.html]
[codeconvert.org/json-viewer5889-online-search-a5889.html]
[codeconvert.org/https_/ajax.googleapis.com/ajax/libs/jquery/3.4.1/jquery.min.html]
[codeconvert.org/https_/cdnjs.cloudflare.com/ajax/libs/ace/1.4.8/ace.html]
[codeconvert.org/https_/ajax.cloudflare.com/cdn-cgi/scripts/7089c43e/cloudflare-static/rocket-loader.min.html]
[codeconvert.org/img/img/404_man.html]
[codeconvert.org/cse.google.com/cse07b607b6.html]
[codeconvert.org/www.facebook.com/codeconvert.html]
[codeconvert.org/twitter.com/codeconvert.html]
[codeconvert.org/online-json-editor/2ee9cc.html]
[codeconvert.org/online-json-editor/a04d9d.html]
[codeconvert.org/jsonviewer/761aab.html]
[codeconvert.org/xmltojson/b92bd1.html]
[codeconvert.org/jsonviewer/3d4130.html]
[codeconvert.org/xmlviewer/1a30a1.html]
[codeconvert.org/jsonvalidator/9a73b6.html]
[codeconvert.org/jsonviewer/404990.html]
[codeconvert.org/rssviewer/8b1bd9.html]
[codeconvert.org/jsonviewer/bb2ff9.html]
[codeconvert.org/oldLinksPage/10.html]
[codeconvert.org/oldLinksPage/20.html]
[codeconvert.org/oldLinksPage/30.html]
[codeconvert.org/oldLinksPage/28450.html]
[codeconvert.org/old-Links-Page-free.html]
[codeconvert.org/jsonviewer/cbba1bc5.html]
[codeconvert.org/excel-to-json/cb18a37a.html]
[codeconvert.org/jsonviewer/cbeb8b59.html]
[codeconvert.org/online-xml-editor/cbcc055f.html]
[codeconvert.org/htmlviewer/cb3f975c.html]
[codeconvert.org/online-xml-editor/cb4b1524.html]
[codeconvert.org/alleditor/cb262017.html]
[codeconvert.org/htmlviewer/cb93bc44.html]
[codeconvert.org/jsonviewer/cbc38221.html]
[codeconvert.org/jsonviewer/cbd01a91.html]
[codeconvert.org/htmlviewer/cbed7830.html]
[codeconvert.org/htmlviewer/cbd6fa42.html]
[codeconvert.org/recentLinksPage/index.html]
[codeconvert.org/recentLinksPage/40.html]
[codeconvert.org/recentLinksPage/131590.html]
[codeconvert.org/recentLinksPage/10.html]
[codeconvert.org/alleditor/cb919fc3.html]
[codeconvert.org/htmlviewer/cb2e6730.html]
[codeconvert.org/htmlviewer/cb131299.html]
[codeconvert.org/online-xml-editor/cb43a8d8.html]
[codeconvert.org/htmlviewer/cbf4d199.html]
[codeconvert.org/htmlviewer/cbf85f24.html]
[codeconvert.org/jsonviewer/cb4729cf.html]
[codeconvert.org/htmlviewer/cba7faf1.html]
[codeconvert.org/recentLinksPage/50.html]
[codeconvert.org/recentLinksPage/20.html]
[codeconvert.org/htmlviewer/cb606c4a.html]
[codeconvert.org/htmlviewer/cbd27e15.html]
[codeconvert.org/htmlviewer/cb6ef029.html]
[codeconvert.org/htmlviewer/cb99f102.html]
[codeconvert.org/htmlviewer/cbf0acdb.html]
[codeconvert.org/htmlviewer/cb1d1e1b.html]
[codeconvert.org/htmlviewer/cb12786a.html]
[codeconvert.org/htmlviewer/cb71cdad.html]
[codeconvert.org/htmlviewer/cb277dae.html]
[codeconvert.org/jsonviewer/cbd22b78.html]
[codeconvert.org/recentLinksPage/60.html]
[codeconvert.org/recentLinksPage/30.html]
[codeconvert.org/css-beautify-minify/cb3266f6.html]
[codeconvert.org/xmlviewer/cb3611f4.html]
[codeconvert.org/xmlviewer/cb0824ee.html]
[codeconvert.org/xmltojson/cb042c45.html]
[codeconvert.org/xmltojson/cbf2c9bc.html]
[codeconvert.org/xmltojson/cbbf2e72.html]
[codeconvert.org/jsonviewer/cbca5675.html]
[codeconvert.org/online-json-editor/cb839055.html]
[codeconvert.org/jsonviewer/cbf14e7e.html]
[codeconvert.org/jsonviewer/cb7470f3.html]
[codeconvert.org/recentLinksPage/131570.html]
[codeconvert.org/recentLinksPage/131550.html]
[codeconvert.org/recentLinksPage/131560.html]
[codeconvert.org/recentLinksPage/131580.html]
[codeconvert.org/www.google.com/recaptcha/api.html]
[codeconvert.org/collabe-c-o-d-e.html]
[codeconvert.org/sql-format-free.html]
[codeconvert.org/xml-validator7eee-online.html]
[codeconvert.org/json-validator-c810-online.html]
[codeconvert.org/img/cb/pantone-to-cmyk.png]
[codeconvert.org/pantone-to-hsv-converter-online.html]
[codeconvert.org/pantone-to-cmyk-converter-tool-online.html]
[codeconvert.org/img/cb/pantone-to-hex.png]
[codeconvert.org/pantone-to-hex-converter-tool-online.html]
[codeconvert.org/img/cb/pantone-to-rgb.png]
[codeconvert.org/pantone-to-rgb-converter-online-tool.html]
[codeconvert.org/myFavouriteTools/index.html]
[codeconvert.org/myFavouriteTools/10.html]
[codeconvert.org/myFavouriteTools/40.html]
[codeconvert.org/myFavouriteTools/20.html]
[codeconvert.org/myFavouriteTools/50.html]
[codeconvert.org/myFavouriteTools/30.html]
[codeconvert.org/myFavouriteTools/60.html]
[codeconvert.org/myFavouriteTools/1340.html]
[codeconvert.org/myFavouriteTools/1320.html]
[codeconvert.org/myFavouriteTools/1350.html]
[codeconvert.org/img/cb/jsonformatter.html]
[codeconvert.org/https_/cdnjs.cloudflare.com/ajax/libs/hellojs/2.0.0-4/hello.all.html]
[codeconvert.org/cb-log-in.html]
[codeconvert.org/length-converter.html]
[codeconvert.org/weight-converter.html]
[codeconvert.org/volume-converter.html]
[codeconvert.org/area-converter.html]
[codeconvert.org/temperature-converter.html]
[codeconvert.org/speed-converter.html]
[codeconvert.org/angle-converter.html]
[codeconvert.org/bytes-converter.html]
[codeconvert.org/density-converter.html]
[codeconvert.org/electric-current-converter.html]
[codeconvert.org/energy-converter.html]
[codeconvert.org/force-converter.html]
[codeconvert.org/fuel-converter.html]
[codeconvert.org/mass-converter.html]
[codeconvert.org/power-converter.html]
[codeconvert.org/pressure-converter.html]
[codeconvert.org/time-converter.html]
[codeconvert.org/astronomical-converter.html]
[codeconvert.org/frequency-converter.html]
[codeconvert.org/html-to-csv-converter-online-search-a.html]
[codeconvert.org/html-to-tsv-converter-online-search-a.html]
[codeconvert.org/image-to-base64-converter-online-search-a.html]
[codeconvert.org/lorem-ipsum-online-search-a.html]
[codeconvert.org/OPR/index.html]
[codeconvert.org/myFavouriteTools/1330.html]
[cdnjs.cloudflare.com/ajax/libs/datatables/1.10.1/js/jquery.dataTables.min.js]
[cdnjs.cloudflare.com/ajax/libs/select2/4.0.1-rc.1/css/select2.min.css]
[cdnjs.cloudflare.com/ajax/libs/select2/4.0.1-rc.1/js/select2.min.js]
[codeconvert.org/dist/1.4/js/serpUtils.js]
[codeconvert.org/serp-checker-online-free.html]
[codeconvert.org/img/cb/yaml-to-base64.html]
[codeconvert.org/img/cb/base64-to-yaml.html]
[codeconvert.org/img/cb/base64-to-csv.html]
[codeconvert.org/img/cb/tsv-to-base64.html]
[codeconvert.org/img/cb/base64-to-tsv.html]
[codeconvert.org/img/cb/binary-to-base64.html]
[codeconvert.org/img/cb/base64-to-binary.html]
[codeconvert.org/img/cb/hex-to-base64.html]
[codeconvert.org/img/cb/base64-to-hex.html]
[codeconvert.org/img/cb/octal-to-base64.html]
[codeconvert.org/octal-to-base64-converter-online-search-a.html]
[codeconvert.org/img/cb/base64-to-octal.html]
[codeconvert.org/img/cb/html-to-base64.html]
[codeconvert.org/html-to-base64-converter-online-search-a.html]
[codeconvert.org/img/cb/base64-to-html.html]
[codeconvert.org/img/cb/csv-to-base64.html]
[codeconvert.org/img/cb/base64-to-css.html]
[codeconvert.org/img/cb/javascript-to-base64.html]
[codeconvert.org/javascript-to-base64-converter-online-search-a.html]
[codeconvert.org/img/cb/base64-to-javascript.html]
[cdnjs.cloudflare.com/ajax/libs/jsoneditor/8.5.3/img/jsoneditor-icons.svg]
[codeconvert.org/img/resposive/ruler-v.html]
[codeconvert.org/img/resposive/ruler-h.html]
[codeconvert.org/img/resposive/Samsung_Galaxy_S2.html]
[codeconvert.org/online-json-editor/2ee9cc.html]
[codeconvert.org/online-json-editor/a04d9d.html]
[codeconvert.org/jsonviewer/761aab.html]
[codeconvert.org/xmltojson/b92bd1.html]
[codeconvert.org/jsonviewer/3d4130.html]
[codeconvert.org/xmlviewer/1a30a1.html]
[codeconvert.org/jsonvalidator/9a73b6.html]
[codeconvert.org/jsonviewer/404990.html]
[codeconvert.org/rssviewer/8b1bd9.html]
[codeconvert.org/jsonviewer/bb2ff9.html]
[codeconvert.org/oldLinksPage/10.html]
[codeconvert.org/oldLinksPage/20.html]
[codeconvert.org/oldLinksPage/30.html]
[codeconvert.org/oldLinksPage/28450.html]
[codeconvert.org/codeblogmoney.com/what-is-json/index-online.html]
[codeconvert.org/codeblogmoney.com/json-example-with-data-types-including-json-array/index-online.html]
[codeconvert.org/https_/cdnjs.cloudflare.com/ajax/libs/ace/1.4.8/ext-language_tools.html]
[codeconvert.org/htmlviewer/cbed7830.html]
[codeconvert.org/htmlviewer/cbd6fa42.html]
[codeconvert.org/recentLinksPage/index.html]
[codeconvert.org/recentLinksPage/40.html]
[codeconvert.org/recentLinksPage/131590.html]
[codeconvert.org/alleditor/cb919fc3.html]
[codeconvert.org/htmlviewer/cb2e6730.html]
[codeconvert.org/htmlviewer/cb131299.html]
[codeconvert.org/online-xml-editor/cb43a8d8.html]
[codeconvert.org/htmlviewer/cbf4d199.html]
[codeconvert.org/htmlviewer/cbf85f24.html]
[codeconvert.org/jsonviewer/cb4729cf.html]
[codeconvert.org/htmlviewer/cba7faf1.html]
[codeconvert.org/recentLinksPage/50.html]
[codeconvert.org/htmlviewer/cb606c4a.html]
[codeconvert.org/htmlviewer/cbd27e15.html]
[codeconvert.org/htmlviewer/cb6ef029.html]
[codeconvert.org/htmlviewer/cb99f102.html]
[codeconvert.org/htmlviewer/cbf0acdb.html]
[codeconvert.org/htmlviewer/cb1d1e1b.html]
[codeconvert.org/htmlviewer/cb12786a.html]
[codeconvert.org/htmlviewer/cb71cdad.html]
[codeconvert.org/htmlviewer/cb277dae.html]
[codeconvert.org/jsonviewer/cbd22b78.html]
[codeconvert.org/recentLinksPage/60.html]
[codeconvert.org/css-beautify-minify/cb3266f6.html]
[codeconvert.org/xmlviewer/cb3611f4.html]
[codeconvert.org/xmlviewer/cb0824ee.html]
[codeconvert.org/xmltojson/cb042c45.html]
[codeconvert.org/xmltojson/cbf2c9bc.html]
[codeconvert.org/xmltojson/cbbf2e72.html]
[codeconvert.org/jsonviewer/cbca5675.html]
[codeconvert.org/online-json-editor/cb839055.html]
[codeconvert.org/jsonviewer/cbf14e7e.html]
[codeconvert.org/jsonviewer/cb7470f3.html]
[codeconvert.org/recentLinksPage/131570.html]
[codeconvert.org/recentLinksPage/131550.html]
[codeconvert.org/recentLinksPage/131560.html]
[codeconvert.org/img/cb/pantone-to-hsv.png]
[codeconvert.org/pantone-to-hsv-converter-online.html]
[codeconvert.org/myFavouriteTools/index.html]
[codeconvert.org/myFavouriteTools/40.html]
[codeconvert.org/myFavouriteTools/50.html]
[codeconvert.org/myFavouriteTools/60.html]
[codeconvert.org/myFavouriteTools/1340.html]
[codeconvert.org/myFavouriteTools/1320.html]
[codeconvert.org/myFavouriteTools/1330.html]
[cdnjs.cloudflare.com/ajax/libs/select2/4.0.1-rc.1/css/select2.min.css]
[codeconvert.org/https_/cdnjs.cloudflare.com/ajax/libs/x2js/1.2.0/xml2json.min.html]
[codeconvert.org/javaviewer/ba14df.html]
[codeconvert.org/javaviewer/c552d7.html]
[codeconvert.org/javaviewer/a97282.html]
[codeconvert.org/javaviewer/e9a73d.html]
[codeconvert.org/javaviewer/2dc03e.html]
[codeconvert.org/xmlviewer/a3fe3c.html]
[codeconvert.org/yaml-validator/8e9b5c.html]
[codeconvert.org/rssviewer/d571c5.html]
[codeconvert.org/xmlviewer/7a80b5.html]
[codeconvert.org/xmlviewer/db6974.html]
[codeconvert.org/oldLinksPage/index.html]
[codeconvert.org/oldLinksPage/40.html]
[codeconvert.org/xmlviewer/f74982.html]
[codeconvert.org/javaviewer/a5fc96.html]
[codeconvert.org/javaviewer/4920ce.html]
[codeconvert.org/javaviewer/d3c2b8.html]
[codeconvert.org/javaviewer/dc4b5e.html]
[codeconvert.org/javaviewer/2dec33.html]
[codeconvert.org/javaviewer/e671c6.html]
[codeconvert.org/javaviewer/163411.html]
[codeconvert.org/javaviewer/97b9a4.html]
[codeconvert.org/javaviewer/605176.html]
[codeconvert.org/oldLinksPage/50.html]
[codeconvert.org/javaviewer/18707f.html]
[codeconvert.org/javaviewer/26e118.html]
[codeconvert.org/javaviewer/057046.html]
[codeconvert.org/javaviewer/5d27b9.html]
[codeconvert.org/javaviewer/cf8acf.html]
[codeconvert.org/javaviewer/65db08.html]
[codeconvert.org/javaviewer/1e00e9.html]
[codeconvert.org/javaviewer/f853e6.html]
[codeconvert.org/javaviewer/558989.html]
[codeconvert.org/javaviewer/438ddd.html]
[codeconvert.org/oldLinksPage/60.html]
[codeconvert.org/htmlviewer/e8bebd.html]
[codeconvert.org/oldLinksPage/28440.html]
[codeconvert.org/oldLinksPage/28420.html]
[codeconvert.org/oldLinksPage/28430.html]
[codeconvert.org/alleditor/cbb9a5fb.html]
[codeconvert.org/htmlviewer/cbeeafb5.html]
[codeconvert.org/alleditor/cb51853e.html]
[codeconvert.org/alleditor/cbd8acd2.html]
[codeconvert.org/alleditor/cbc6195f.html]
[codeconvert.org/online-json-editor/cb29e6ba.html]
[codeconvert.org/htmlviewer/cbddc05f.html]
[codeconvert.org/htmlviewer/cbd39a40.html]
[codeconvert.org/jsonviewer/cbfd7a2f.html]
[codeconvert.org/htmlviewer/cb1497af.html]
[codeconvert.org/htmlviewer/cb6e1100.html]
[codeconvert.org/jsonviewer/cbd5ef1d.html]
[codeconvert.org/jsonviewer/cb5a9b4e.html]
[codeconvert.org/jsonviewer/cb711a3a.html]
[codeconvert.org/recentLinksPage/70.html]
[codeconvert.org/htmlviewer/cb993efa.html]
[codeconvert.org/jsonviewer/cb2c2bc8.html]
[codeconvert.org/jsonviewer/cbf31792.html]
[codeconvert.org/jsonviewer/cb373e14.html]
[codeconvert.org/csharpviewer/cbca1801.html]
[codeconvert.org/htmlviewer/cb1a0b00.html]
[codeconvert.org/htmlviewer/cba4af22.html]
[codeconvert.org/htmlviewer/cb90d2e9.html]
[codeconvert.org/htmlviewer/cb1459c2.html]
[codeconvert.org/xmlviewer/cb6f2c9d.html]
[codeconvert.org/jsonviewer/cbc24bae.html]
[codeconvert.org/excel-to-json/cb13fcdb.html]
[codeconvert.org/alleditor/cbc0da3a.html]
[codeconvert.org/htmlviewer/cb6da435.html]
[codeconvert.org/jsonviewer/cbb73c3a.html]
[codeconvert.org/recentLinksPage/80.html]
[codeconvert.org/htmlviewer/cb95e013.html]
[codeconvert.org/htmlviewer/cbf85593.html]
[codeconvert.org/jsonviewer/cbe9daf2.html]
[codeconvert.org/yaml-validator/cba4d184.html]
[codeconvert.org/jsonviewer/cb7c8522.html]
[codeconvert.org/jsonviewer/cba27df2.html]
[codeconvert.org/jsonviewer/cb05acea.html]
[codeconvert.org/jsonviewer/cb684054.html]
[codeconvert.org/htmlviewer/cb8c4024.html]
[codeconvert.org/htmlviewer/cb74a3ed.html]
[codeconvert.org/recentLinksPage/90.html]
[codeconvert.org/css-beautify-minify/wikipedia.pretty.html]
[codeconvert.org/jsonviewer/cb7b5b68.html]
[codeconvert.org/xml-to-csv-converter/cb530924.html]
[codeconvert.org/jsonvalidator/cbe3e8d8.html]
[codeconvert.org/jsonviewer/cb074423.html]
[codeconvert.org/xml-to-csv-converter/cb8c5bf8.html]
[codeconvert.org/javaviewer/cb1efbc1.html]
[codeconvert.org/jsonviewer/cb108cfc.html]
[codeconvert.org/json-to-yaml/cbcd8993.html]
[codeconvert.org/jsonviewer/cb7e5203.html]
[codeconvert.org/xml-to-csv-converter/cbb2cf25.html]
[codeconvert.org/recentLinksPage/131540.html]
[codeconvert.org/xmlviewer/cbf68391.html]
[codeconvert.org/htmlviewer/cb14dfe6.html]
[codeconvert.org/htmlviewer/cb86ab6c.html]
[codeconvert.org/jsonviewer/cb0d6e37.html]
[codeconvert.org/jsontoxml/cbb8de83.html]
[codeconvert.org/jsonviewer/cbd22e38.html]
[codeconvert.org/xmlviewer/cb7e85f8.html]
[codeconvert.org/xmlviewer/cbe12efa.html]
[codeconvert.org/xmlviewer/cb1bc270.html]
[codeconvert.org/xmlviewer/cb370b90.html]
[codeconvert.org/recentLinksPage/131520.html]
[codeconvert.org/recentLinksPage/131530.html]
[codeconvert.org/xmlviewer/cba35e4b.html]
[codeconvert.org/online-json-editor/cb8b90c3.html]
[codeconvert.org/online-json-editor/cbbc221f.html]
[codeconvert.org/jsonviewer/cbac6f35.html]
[codeconvert.org/xmlviewer/cb4c02d7.html]
[codeconvert.org/xml-to-csv-converter/cb27e313.html]
[codeconvert.org/xmlviewer/cba00bd0.html]
[codeconvert.org/jsonviewer/cbecd8c4.html]
[codeconvert.org/xmlviewer/cb92f848.html]
[codeconvert.org/xmlviewer/cb0d02b1.html]
[codeconvert.org/myFavouriteTools/70.html]
[codeconvert.org/myFavouriteTools/80.html]
[codeconvert.org/myFavouriteTools/90.html]
[codeconvert.org/myFavouriteTools/1310.html]
[codeconvert.org/myFavouriteTools/1290.html]
[codeconvert.org/myFavouriteTools/1300.html]
